Added:
    symbol

# This map file was updated with PROGRAM_NAME_VERSION

WITH_WILDCARD_1_0_0
{
    global:
        *;
        one_symbol;
    local:
        *;
} ;

WITH_WILDCARD_1_1_0
{
    global:
        symbol;
} WITH_WILDCARD_1_0_0;

