Added:
    another_symbol

This is a dry run, the files were not modified.
