Added:
    symbol

# This map file was updated with PROGRAM_NAME_VERSION

DUPLICATED_1_0_0
{
    global:
        duplicated;
        duplicated;
    local:
        *;
} ;

DUPLICATED_1_1_0
{
    global:
        symbol;
} DUPLICATED_1_0_0;

