Added:
    symbol

Removed:
    other_symbol
    some_symbol

Merging all symbols in a single new release
