Added:
    symbol

Removed:
    other_symbol

Merging all symbols in a single new release
