Added:
    symbol

# This map file was updated with PROGRAM_NAME_VERSION

ROGUE_RELEASE_4_5_6
{
    global:
        three_symbol;
} ;

ROGUE_RELEASE_4_6_0
{
    global:
        symbol;
} ROGUE_RELEASE_4_5_6;

NAME_1_0_0
{
    global:
        one_symbol;
    local:
        *;
} ;

OTHER_DIFFERENT_NAME_1_1_0
{
    global:
        two_symbol;
} NAME_1_0_0;

