Added:
    new_symbol

Removed:
    another_symbol

Merging all symbols in a single new release
