Removed:
    symbol

Merging all symbols in a single new release
