Added:
    symbol

# This map file was updated with PROGRAM_NAME_VERSION

EXISTING_1_0_0    # Released
{
    global:
        existing_symbol;
        symbol;
    local:
        *;
} ;

