Added:
    symbol

Removed:
    *
    one_symbol
    three_symbol

