Added:
    symbol

Removed:
    *
    one_symbol
    three_symbol

Merging all symbols in a single new release
