Added:
    symbol

# This map file was updated with PROGRAM_NAME_VERSION

BASE_1_0_0
{
    global:
        one_symbol;
    local:
        *;
} ;

WITH_RELEASE_INFO_1_0_0
{
    global:
        symbol;
} BASE_1_0_0;

