# This map file was created with someapp-PROGRAM_VERSION

DIFFERENT_NAME_1_0_0
{
    global:
        symbol;
    local:
        *;
} ;

