BASE_1_0_0    # Released
{
    global:
        one_symbol;
    local:
        *;
} ;

