# This map file was created with PROGRAM_NAME_VERSION

DUPLICATED_INPUT_1_0_0
{
    global:
        a;
        b;
    local:
        *;
} ;

