# This map file was created with PROGRAM_NAME_VERSION

RELEASE_2_0_0
{
    global:
        symbol;
    local:
        *;
} ;

