# This map file was created with PROGRAM_NAME_VERSION

SEPARATED_1_1_0
{
    global:
        symbol;
    local:
        *;
} ;

