afab4c1a67d1e06489083fa1559bda0b2c8df9b7bc239820ed7cdab30c988a4e