47395a4e6c86372b181ad1fd6443e11b1ab54c480b7be5e5fe816d84eec3b369