e66827c4f0beffbb9eff52522539b10945ad108bd5ad722107e5dfbce7d064ef