f8b69ac5ce84a8e8db30f9ae58d7560054d41da311176f74047694ec1203d7e8