93863a5513f3b59a107a3ba23a6e47b38738e7c99ac462d2379308dab9910d8f