74a1fcb3c1c7829962398cc104a30d52aeb38af9fe8631a6b77112a1fe99b653