8e1ee1f99738be5162e97194d9aa72aef0a9d3458218747f9721102f2d7104d7