5d9cfb59d10bb98ca17c52cf8862b84a39202b1d83074a8b8dd3da83a0303c19