7df04616b29ee538ec5e290dcfd7fdfce9cacdbaf224597856272aec3939d5c8