a2682d5e230ea207054fef05eecc1bb8ebc856ae12984ca5ab187d648551e917