572276304251917e3ce611b19a6c95cb984d989274405344d307e463c53c6b41