e1c86b2e7a5e87f01a7ea10beacff0c9d2771b39e295729e76db42f2133ad478