619692c94c9b499eaa23358b45fd75b4526d9f5b6d3a6061faad9b6726510db3