080e7416809ccc1a433e28263f6d719c2ac18047ea6def5991ef0dbd049a76f7