9ea532e5911bae30f07910a5da05190c74477e4b5038e8aa43e0178c48d85f92