4ab69bc0ecbe926e5659a11bb3b82ac0e5155f1571923b1a57668ce93f27cb46