11cab57689dcbb0afd4ee70d589d41d641e1f103427df51fd1d944ec66edc21b