d2d943fa7e0bc7188eaa461d9b92c23aee43361c279106d92dd5f2260ebf8110