a284396dae1e98302c98b150d1bb04b576d3039bea138fe0244c3cde6d5ccea5