db0d89c04aa964931ee65c456ae91aa2cb784c189f03f2ad36c3ba91381c2005