d106ec29cbd3d04f54d6416edb2300d3e7acb5cb21b231efa6e9f251384d7bc0