5085978ab2f7f228a6d58ddad945d146d353be6f313e9e13981b7f3a88819d72