# This map file was created with PROGRAM_NAME_VERSION

RELEASE_1_0_0
{
    global:
        symbol;
    local:
        *;
} ;

